@reslists\Half-Life 2\intro.lst
@reslists\Half-Life 2\engine.lst
@reslists\unreferenced_files.lst
@reslists\whitelist.lst
@reslists\Half-Life 2\d1_trainstation_01.lst
@reslists\Half-Life 2\d1_trainstation_02.lst
@reslists\Half-Life 2\d1_trainstation_03.lst
@reslists\Half-Life 2\d1_trainstation_04.lst
@reslists\Half-Life 2\d1_trainstation_05.lst
@reslists\Half-Life 2\d1_trainstation_06.lst
@reslists\Half-Life 2\d1_canals_01.lst
@reslists\Half-Life 2\d1_canals_01a.lst
@reslists\Half-Life 2\d1_canals_02.lst
@reslists\Half-Life 2\d1_canals_03.lst
@reslists\Half-Life 2\d1_canals_05.lst
@reslists\Half-Life 2\d1_canals_06.lst
@reslists\Half-Life 2\d1_canals_07.lst
@reslists\Half-Life 2\d1_canals_08.lst
@reslists\Half-Life 2\d1_canals_09.lst
@reslists\Half-Life 2\d1_canals_10.lst
@reslists\Half-Life 2\d1_canals_11.lst
@reslists\Half-Life 2\d1_canals_12.lst
@reslists\Half-Life 2\d1_canals_13.lst
@reslists\Half-Life 2\d1_eli_01.lst
@reslists\Half-Life 2\d1_eli_02.lst
@reslists\Half-Life 2\d1_town_01.lst
@reslists\Half-Life 2\d1_town_01a.lst
@reslists\Half-Life 2\d1_town_02.lst
@reslists\Half-Life 2\d1_town_02a.lst
@reslists\Half-Life 2\d1_town_03.lst
@reslists\Half-Life 2\d1_town_04.lst
@reslists\Half-Life 2\d1_town_05.lst
@reslists\Half-Life 2\d2_coast_01.lst
@reslists\Half-Life 2\d2_coast_03.lst
@reslists\Half-Life 2\d2_coast_04.lst
@reslists\Half-Life 2\d2_coast_05.lst
@reslists\Half-Life 2\d2_coast_07.lst
@reslists\Half-Life 2\d2_coast_08.lst
@reslists\Half-Life 2\d2_coast_09.lst
@reslists\Half-Life 2\d2_coast_10.lst
@reslists\Half-Life 2\d2_coast_11.lst
@reslists\Half-Life 2\d2_coast_12.lst
@reslists\Half-Life 2\d2_prison_01.lst
@reslists\Half-Life 2\d2_prison_02.lst
@reslists\Half-Life 2\d2_prison_03.lst
@reslists\Half-Life 2\d2_prison_04.lst
@reslists\Half-Life 2\d2_prison_05.lst
@reslists\Half-Life 2\d2_prison_06.lst
@reslists\Half-Life 2\d2_prison_07.lst
@reslists\Half-Life 2\d2_prison_08.lst
@reslists\Half-Life 2\d3_c17_01.lst
@reslists\Half-Life 2\d3_c17_02.lst
@reslists\Half-Life 2\d3_c17_03.lst
@reslists\Half-Life 2\d3_c17_04.lst
@reslists\Half-Life 2\d3_c17_05.lst
@reslists\Half-Life 2\d3_c17_06a.lst
@reslists\Half-Life 2\d3_c17_06b.lst
@reslists\Half-Life 2\d3_c17_07.lst
@reslists\Half-Life 2\d3_c17_08.lst
@reslists\Half-Life 2\d3_c17_09.lst
@reslists\Half-Life 2\d3_c17_10a.lst
@reslists\Half-Life 2\d3_c17_10b.lst
@reslists\Half-Life 2\d3_c17_11.lst
@reslists\Half-Life 2\d3_c17_12.lst
@reslists\Half-Life 2\d3_c17_12b.lst
@reslists\Half-Life 2\d3_c17_13.lst
@reslists\Half-Life 2\d3_citadel_01.lst
@reslists\Half-Life 2\d3_citadel_02.lst
@reslists\Half-Life 2\d3_citadel_03.lst
@reslists\Half-Life 2\d3_citadel_04.lst
@reslists\Half-Life 2\d3_citadel_05.lst
@reslists\Half-Life 2\d3_breen_01.lst